C:\Windows\system32>NET SESSION >nul 2>&1

C:\Windows\system32>IF %ERRORLEVEL% EQU 0 (ECHO Administrator PRIVILEGES Detected!) ELSE ( ECHO NOT AN ADMIN! )
Administrator PRIVILEGES Detected!

C:\Windows\system32>netsh interface tcp show global
Querying active state...

TCP Global Parameters
----------------------------------------------
Receive-Side Scaling State          : enabled
Chimney Offload State               : automatic
NetDMA State                        : enabled
Direct Cache Acess (DCA)            : disabled
Receive Window Auto-Tuning Level    : normal
Add-On Congestion Control Provider  : none
ECN Capability                      : disabled
RFC 1323 Timestamps                 : disabled
Initial RTO                         : 3000
Non Sack Rtt Resiliency             : disabled
Max SYN Retransmissions             : 2
** The above autotuninglevel setting is the result of Windows Scaling heuristics

overriding any local/policy configuration on at least one profile.

C:\Windows\system32>cmd /v:on /c "echo !TIME! & telnet 192.168.1.254 & echo !TIME!"
14:10:30.53
Connecting To 192.168.1.254...Could not open connection to the host, on port 23: Connect failed
14:10:51.60


C:\Windows\system32>netsh interface tcp set global MaxSynRetransmissions=3
Ok.


C:\Windows\system32>netsh interface tcp show global
Querying active state...

TCP Global Parameters
----------------------------------------------
Receive-Side Scaling State          : enabled
Chimney Offload State               : automatic
NetDMA State                        : enabled
Direct Cache Acess (DCA)            : disabled
Receive Window Auto-Tuning Level    : normal
Add-On Congestion Control Provider  : none
ECN Capability                      : disabled
RFC 1323 Timestamps                 : disabled
Initial RTO                         : 3000
Non Sack Rtt Resiliency             : disabled
Max SYN Retransmissions             : 3
** The above autotuninglevel setting is the result of Windows Scaling heuristics

overriding any local/policy configuration on at least one profile.

C:\Windows\system32>cmd /v:on /c "echo !TIME! & telnet 192.168.1.254 & echo !TIME!"
14:27:02.33
Connecting To 192.168.1.254...Could not open connection to the host, on port 23:
 Connect failed
14:27:47.41

C:\Windows\system32>netsh interface tcp set global MaxSynRetransmissions=2
Ok.


C:\Windows\system32>netsh interface tcp set global InitialRto=1000
Ok.


C:\Windows\system32>netsh interface tcp show global
Querying active state...

TCP Global Parameters
----------------------------------------------
Receive-Side Scaling State          : enabled
Chimney Offload State               : automatic
NetDMA State                        : enabled
Direct Cache Acess (DCA)            : disabled
Receive Window Auto-Tuning Level    : normal
Add-On Congestion Control Provider  : none
ECN Capability                      : disabled
RFC 1323 Timestamps                 : disabled
Initial RTO                         : 1000
Non Sack Rtt Resiliency             : disabled
Max SYN Retransmissions             : 2
** The above autotuninglevel setting is the result of Windows Scaling heuristics

overriding any local/policy configuration on at least one profile.


C:\Windows\system32>cmd /v:on /c "echo !TIME! & telnet 192.168.1.254 & echo !TIME!"
14:29:06.13
Connecting To 192.168.1.254...Could not open connection to the host, on port 23:
 Connect failed
14:29:13.20

